- id: ext-a1b2c3d4-0001
  name: Host Monitoring
  latestversion: 1.2.3
  publisher: Dynatrace
  category: Infrastructure
  description: Comprehensive host performance monitoring
  type: ""
- id: ext-b2c3d4e5-0002
  name: JMX Extension
  latestversion: 2.0.1
  publisher: Dynatrace
  category: Application
  description: Java management extensions monitoring
  type: ""
- id: ext-c3d4e5f6-0003
  name: Custom Metrics Collector
  latestversion: 0.9.0
  publisher: Community
  category: Custom
  description: ""
  type: ""
