ID,NAME,LATEST_VERSION,PUBLISHER,CATEGORY,DESCRIPTION
ext-a1b2c3d4-0001,Host Monitoring,1.2.3,Dynatrace,Infrastructure,Comprehensive host performance monitoring
ext-b2c3d4e5-0002,JMX Extension,2.0.1,Dynatrace,Application,Java management extensions monitoring
ext-c3d4e5f6-0003,Custom Metrics Collector,0.9.0,Community,Custom,
