ID                                        NAME                       TYPE        
com.dynatrace.extension.host-monitoring   Host Monitoring            EXTENSION_2   
com.dynatrace.extension.jmx               JMX Extension              EXTENSION_2   
custom:my-custom-extension                Custom Metrics Collector   EXTENSION_2   
